I have enough to complete a thorough, verified review. Here are my findings.

---

## Review of merge commit `a21a387` (issue-176)

I verified every preservation claim against the code, and reproduced the concurrency defect with a standalone script.

### What holds (verified, not just claimed)
- **#161** ÔÇö `_streamed_reply` sets `_turn.defer_logging` and wraps with `_finish_turn`, which calls `turn.finish()` after the stream is consumed. Model/SQL counts are attributed via the `_turn` contextvar copied into the `run_streamed` task (created inside `with turn:`). `tests/test_instrument.py::test_streaming_turn_is_logged_after_the_stream_not_at_setup` asserts a single line with non-zero model calls ÔÇö the "measures setup only" NOTE describes the rejected design, not current behaviour. **Not a defect.**
- **#166** ÔÇö `_clear_if_forgotten` is composed into the streaming chain (`runtime.py:390`) and its wipe runs *before* `_hold_lock` releases (finally-ordering verified), so post-turn compaction can't summarise a forgotten history first.
- **#169** ÔÇö `reset_task` is fired concurrently; `_await_reset()` is awaited in `after_send`'s `try` and again in `handle_message`'s `except BaseException`.
- **#172** ÔÇö pings drained via `_drain_coach_pings` on raise; delivered via `_run_ping` on success (but see [P2]).
- **#173** ÔÇö bounded `wait_for(prev.wait(), grace)`, event popped on read, `compaction_done.set()` in a `finally` covering the whole `after_send` body. `after_send` acquires the lock only after the channel `aclose()`s the stream (releasing it), so no deadlock.
- **#174 / #175 / #179** ÔÇö `await self.member_context(...)`; `_SNAPSHOT_RUN_CONFIG` passed on **both** `_blocking_reply` and `_streamed_reply`; DemoRefs read from `context.demo_requests` at hook-run time.
- Deliberate change (always run `after_send(deliver_media=False)` on stream error) is implemented end-to-end: `Reply.after_send` widened to `Callable[..., Awaitable[None]]`, streaming call site passes the kwarg, non-streaming call site omits it (defaults True). Correct.
- Test quality: the new tests carry explicit revert-proof assertions and pass (`49 passed`). `test_aclose_releases_the_lock_synchronously` fails if the `_finish_turn` aclose is dropped.

---

### [P1] `_hold_lock` leaks the per-identity lock when the inner `aclose()` raises ÔÇö permanent Member wedge
`src/agentg/runtime.py:513-525`

```python
finally:
    await inner.aclose()   # if THIS raises, the next two lines never run
    lock.release()
    released = True
except GeneratorExit:
    if not released:
        lock.release()     # only covers GeneratorExit, not a raising aclose()
```

On the **aclose-while-suspended** path (exactly the delivery-error path `deliver_media=False` assumes), `_hold_lock`'s `await inner.aclose()` drives `_clear_if_forgotten`'s finally, whose `await session.clear_session()` (`runtime.py:473`) can raise. When it does, `lock.release()` is skipped, and the exception is **not** `GeneratorExit`, so the `except` branch doesn't catch it either. The lock is never released. Because `handle_message` does `await lock.acquire()` with **no timeout** (`runtime.py:236`), that identity is wedged forever ÔÇö the bounded `compaction_done` wait does not help, it's a different mechanism.

Reachable when: streaming delivery errors mid-stream (channel `aclose()`s a suspended stream) **and** the turn called `delete_my_data` **and** `clear_session()` raises. This is precisely the "forgotten turn that errors mid-stream" scenario the round-2 commit message reasons about and claims it now drives "`_hold_lock` (release) synchronously" ÔÇö the guarantee breaks if the wipe raises.

Reproduced standalone: with the wipe raising, `lock.locked()` is still `True` after `aclose()` returns.

**Fix** ÔÇö make the release un-skippable by a raising `aclose()`:
```python
finally:
    try:
        await inner.aclose()
    finally:
        if not released:
            lock.release()
            released = True
```
(The same `try/finally` nesting should be applied in `_finish_turn` (`:495-496`) and `_clear_if_forgotten` (`:471-473`) so a raising inner `aclose()` can't skip `turn.finish()`/the wipe either; only `_hold_lock`'s case is a lock leak, hence P1.)

---

### [P2] Streaming `after_send` runs outside a `finally`, so a failed fallback send drops Coach safety pings (#172)
`src/agentg/channels/telegram.py:173-184`

```python
if not sent_messages:
    await message.answer(EMPTY_REPLY_FALLBACK)   # if this raises...
if reply.after_send is not None:
    try:
        await reply.after_send(deliver_media=not stream_errored)   # ...this is skipped
```

`after_send` carries the Coach safety pings, the rhythm reset and the compaction signal. If `message.answer(EMPTY_REPLY_FALLBACK)` raises (403/429/network), `after_send` is skipped entirely ÔÇö dropping pings that go to **Coaches** (a different chat that may still be reachable) just because the *Member's* send failed. This is the exact coupling #172 forbids, and it is inconsistent with the non-streaming path, which deliberately puts `after_send` in a `finally` (`telegram.py:239-243`) "so a Telegram 403/429/network error on the reply text does not silently drop the deferred coach pings." The dropped `compaction_done` also costs the next turn a grace-period stall (bounded, not fatal).

**Fix** ÔÇö move the fallback + `after_send` invocation into a `finally` (or wrap the fallback send in its own `try/except`) so `after_send` always runs after the stream loop, matching the non-streaming guarantee.

---

### [P3] Errored streaming turn is logged as "completed", polluting the #161 baseline
`src/agentg/runtime.py:495-496`

`_finish_turn`'s finally always calls `turn.finish()`, even when `_stream_text` raised mid-generation. The blocking path suppresses the log on error (via `TurnContext.__exit__` seeing `exc_type`), but a failed streaming turn still emits "turn completed ÔÇª", adding failed-turn durations to the latency baseline #161 exists to keep clean. Consider passing the error state to `finish()` and skipping the "completed" line on failure.

### [P3] Streaming #161 duration now includes Telegram delivery latency
`src/agentg/runtime.py:487-496` + `instrument.py:finish`

Because `finish()` fires only after the channel finishes consuming/editing messages, the streaming turn's wall-clock now folds in typing refreshes, per-sentence `edit_text` round-trips and rate-limit waits ÔÇö not just model latency. That's defensible as "wall-clock," but it conflates model and delivery latency in the same metric the issue calls a "latency baseline." Worth a note in the log line or the issue.

---

VERDICT: RED
RC=0
